ILI9341_GFX.c:24:6:ILI9341_Write_Command	16	static
ILI9341_GFX.c:35:6:ILI9341_Write_Data	16	static
ILI9341_GFX.c:46:6:ILI9341_Set_Address	24	static
ILI9341_GFX.c:90:6:ILI9341_Reset	8	static
ILI9341_GFX.c:100:6:ILI9341_Set_Rotation	16	static
ILI9341_GFX.c:138:6:ILI9341_Init	8	static
ILI9341_GFX.c:278:6:ILI9341_Draw_Colour	16	static
ILI9341_GFX.c:292:6:ILI9341_Draw_Colour_Burst	16	static
ILI9341_GFX.c:315:6:ILI9341_Fill_Screen	16	static
ILI9341_GFX.c:322:6:ILI9341_Draw_Pixel	16	static
ILI9341_GFX.c:378:6:ILI9341_Draw_Rectangle	24	static
ILI9341_GFX.c:397:6:ILI9341_Draw_Horizontal_Line	24	static
ILI9341_GFX.c:411:6:ILI9341_Draw_Vertical_Line	24	static
ILI9341_GFX.c:425:6:ILI9341_Draw_Hollow_Circle	48	static
ILI9341_GFX.c:461:6:ILI9341_Draw_Filled_Circle	56	static
ILI9341_GFX.c:497:6:ILI9341_Draw_Hollow_Rectangle_Coord	40	static
ILI9341_GFX.c:545:6:ILI9341_Draw_Filled_Rectangle_Coord	48	static
ILI9341_GFX.c:591:6:ILI9341_Random_line	48	static
ILI9341_GFX.c:648:6:ILI9341_Draw_Image	40	static
ILI9341_GFX.c:668:13:ILI9341_WriteChar	40	static
ILI9341_GFX.c:695:6:ILI9341_WriteString	32	static
