main.c:120:5:main	8	static
main.c:166:6:SystemClock_Config	88	static
main.c:211:13:MX_ADC1_Init	24	static
main.c:261:13:MX_SPI1_Init	8	static
main.c:299:13:MX_GPIO_Init	48	static
main.c:348:6:startup	8	static
main.c:370:7:touch_work	16	static
main.c:447:6:main_cicle	16	static
main.c:475:6:adc_show	24	static
main.c:489:6:curent_state_raport	32	static
main.c:499:6:button_draw	32	static
main.c:505:6:button_draw_icons	80	static
main.c:525:6:draw_rect_tol	40	static
main.c:531:9:button_click	32	static
main.c:555:6:ADC_SetActiveChannel	32	static
main.c:567:6:ADC_out	16	static
main.c:611:6:perekluchatel	16	static
main.c:667:5:plus_minus_addon	24	static
main.c:677:6:heaters_start	24	static
main.c:693:6:heaters_stop	24	static
main.c:699:6:pneumo_start	24	static
main.c:725:6:Error_Handler	4	static,ignoring_inline_asm
